// Jest Snapshot v1, https://goo.gl/fbAQLP

exports[`<CounterApp> component should match the snapshot 1`] = `
<div>
  <h1>
    CounterApp
  </h1>
  <h2
    data-testid="counter-value"
  >
    100
  </h2>
  <button>
    + 1
  </button>
  <button>
    - 1
  </button>
  <button>
    Reset
  </button>
</div>
`;
